examples/attention_residuals/QWEN3_4B.md: OK
examples/attention_residuals/README.md: OK
examples/attention_residuals/REFERENCE_LICENSE: OK
examples/attention_residuals/RUN_DISTRIBUTED.md: OK
examples/attention_residuals/audit_checkpoints.py: OK
examples/attention_residuals/audit_profile.py: OK
examples/attention_residuals/audit_training.py: OK
examples/attention_residuals/cluster.env.example: OK
examples/attention_residuals/ppu_preflight.py: OK
examples/attention_residuals/profile_qwen.py: OK
examples/attention_residuals/qwen3_4b_mapping.json: OK
examples/attention_residuals/qwen3_spec.py: OK
examples/attention_residuals/run_128_baseline.sh: OK
examples/attention_residuals/run_3b.sh: OK
examples/attention_residuals/run_block.sh: OK
examples/attention_residuals/run_block_8nodes_gbs256_100bt_stop20bt.sh: OK
examples/attention_residuals/run_full.sh: OK
examples/attention_residuals/run_full_8nodes_gbs256_100bt_stop20bt.sh: OK
examples/attention_residuals/run_full_8nodes_gbs512_100bt_stop20bt.sh: OK
examples/attention_residuals/run_mock.sh: OK
examples/attention_residuals/run_qwen3_4b.sh: OK
examples/attention_residuals/run_qwen3_4b_128.sh: OK
examples/attention_residuals/run_qwen3_4b_128_baseline_impl.sh: OK
examples/attention_residuals/run_qwen3_4b_distributed.sh: OK
examples/attention_residuals/run_rms_block.sh: OK
examples/attention_residuals/run_rms_block_8nodes_gbs256_100bt_stop20bt.sh: OK
examples/attention_residuals/smoke_collective.py: OK
examples/attention_residuals/smoke_gpt.py: OK
examples/attention_residuals/smoke_tp.py: OK
examples/attention_residuals/sweep_qwen.py: OK
examples/attention_residuals/test_attention_residuals.py: OK
examples/attention_residuals/validation.json: OK
megatron/core/distributed/distributed_data_parallel.py: OK
megatron/core/distributed/param_and_grad_buffer.py: OK
megatron/core/models/gpt/gpt_model.py: OK
megatron/core/tensor_parallel/layers.py: OK
megatron/core/transformer/attention_residuals.py: OK
megatron/core/transformer/multi_latent_attention.py: OK
megatron/core/transformer/torch_norm.py: OK
megatron/core/transformer/transformer_block.py: OK
megatron/core/transformer/transformer_config.py: OK
megatron/core/transformer/transformer_layer.py: OK
megatron/training/training.py: OK
model_provider.py: OK
